// Jest Snapshot v1, https://goo.gl/fbAQLP

exports[`should render correctly 1`] = `
Array [
  <div
    className="sc-AxmLO eEtvOh"
  >
    <i
      className="sc-AxjAm cjcnWH"
    />
    <div
      className="sc-Axmtr GSDxK"
    >
      Chat with your buddies
    </div>
  </div>,
  <div
    className="sc-AxheI gTUEWg"
    id="chatbox"
  >
    <div
      className="sc-AxhUy kbrQob"
    >
      <span
        className="sc-AxgMl uvcNc"
        title="Tue Apr 11 2017"
      >
        Tester 2
        :
      </span>
      <span>
        text 1
      </span>
    </div>
    <div
      className="sc-AxhUy kbrQob"
    >
      <span
        className="sc-AxgMl eOucro"
        title="Thu May 11 2017"
      >
        Tester 1
        :
      </span>
      <span>
        text 2
      </span>
    </div>
    <div
      className="sc-AxhUy kbrQob"
    >
      <span
        className="sc-AxgMl uvcNc"
        title="Sun Jun 11 2017"
      >
        Tester 2
        :
      </span>
      <span>
        text 3
      </span>
    </div>
  </div>,
  <div
    className="sc-AxhCb fjRBxN"
  >
    <form
      onSubmit={[Function]}
    >
      <input
        autoComplete="off"
        className="sc-AxiKw jGwyfn"
        name="message"
        onChange={[Function]}
        placeholder="Send a message"
        type="text"
        value=""
      />
      <button
        className="sc-AxirZ jYIYLQ"
        color="green"
        type="submit"
      >
        <i
          className="sc-AxjAm ewJVQx"
        />
         Chat
      </button>
    </form>
  </div>,
]
`;
