// Jest Snapshot v1, https://goo.gl/fbAQLP

exports[`should render correctly 1`] = `
<div>
  <div
    className="sc-htoDjs iBmSRt"
  >
    <i
      className="sc-bxivhb gKAPwg"
    />
    <div
      className="sc-gzVnrw dQovUE"
    >
      Chat with your buddies
    </div>
  </div>
  <div
    className="sc-bZQynM hQocFL"
    id="chatbox"
  >
    <div
      className="sc-bdVaJa eNFPzl"
    >
      <span
        className="sc-bwzfXH BCqOY"
        title="Tue Apr 11 2017"
      >
        otheruser
        :
      </span>
      <span>
        text 1
      </span>
    </div>
    <div
      className="sc-bdVaJa eNFPzl"
    >
      <span
        className="sc-bwzfXH BCqOY"
        title="Thu May 11 2017"
      >
        otheruser
        :
      </span>
      <span>
        text 2
      </span>
    </div>
    <div
      className="sc-bdVaJa eNFPzl"
    >
      <span
        className="sc-bwzfXH BCqOY"
        title="Sun Jun 11 2017"
      >
        otheruser
        :
      </span>
      <span>
        text 3
      </span>
    </div>
  </div>
  <div
    className="sc-EHOje jQjERX"
  >
    <form
      onSubmit={[Function]}
    >
      <input
        className="sc-htpNat gcnmGY"
        name="message"
        onChange={[Function]}
        placeholder="Send a message"
        type="text"
        value=""
      />
      <button
        className="sc-ifAKCX dRcVix"
        type="submit"
      >
        <i
          className="sc-bxivhb bLEZVs"
        />
         Chat
      </button>
    </form>
  </div>
</div>
`;
